// Jest Snapshot v1, https://goo.gl/fbAQLP

exports[`Comment component tests renders the Comment component correctly 1`] = `
Array [
  <section>
    <img
      src="https://via.placeholder.com/150.png/"
    />
    <p>
      something something something
    </p>
    <img
      src="https://via.placeholder.com/50.png/"
    />
  </section>,
  <input
    type="text"
  />,
  <a
    href="http"
  >
    <h4>
      @handle
    </h4>
  </a>,
  <p>
    My very first tweet
  </p>,
  <button>
    0
  </button>,
]
`;
